[hdinvesting.cn/index.html]
[backblue.gif]
[fade.gif]
[index.html]
[hdinvesting.cn/wp-content/themes/corporate-plus/assets/library/bootstrap/css/bootstrap.mine485.css]
[hdinvesting.cn/wp-content/themes/corporate-plus/assets/library/Font-Awesome/css/font-awesome.min268f.css]
[hdinvesting.cn/wp-content/themes/corporate-plus/assets/library/bxslider/css/jquery.bxslider.mind19b.css]
[hdinvesting.cn/wp-content/themes/corporate-plus/style62d0.css]
[hdinvesting.cn/wp-content/uploads/2016/07/cropped-.jpg]
[hdinvesting.cn/wp-content/themes/corporate-plus/assets/library/animate/animate.min3b71.css]
[hdinvesting.cn/indexa6da.html]
[hdinvesting.cn/indexd784.html]
[hdinvesting.cn/wp-includes/js/jquery/jqueryb8ff.js]
[hdinvesting.cn/wp-includes/js/jquery/jquery-migrate.min330a.js]
[hdinvesting.cn/xmlrpc0db0.php]
[hdinvesting.cn/wp-includes/wlwmanifest.xml]
[hdinvesting.cn/index52f0.html]
[hdinvesting.cn/wp-content/uploads/2016/07/微信截图_20160707180021.png]
[hdinvesting.cn/wp-content/uploads/2016/07/logo-150x109.png]
[hdinvesting.cn/wp-content/uploads/2016/07/logo.png]
[hdinvesting.cn/wp-content/uploads/2016/07/cropped-cropped-logo1.png]
[hdinvesting.cn/wp-content/uploads/2016/07/office-620817_1280-340x240.jpg]
[hdinvesting.cn/indexddec.html]
[hdinvesting.cn/wp-content/uploads/2016/07/calculator-178127_640-340x240.jpg]
[hdinvesting.cn/wp-content/uploads/2016/07/business-1012761_640-340x240.jpg]
[hdinvesting.cn/wp-content/uploads/2016/07/cropped-5c9a193f8b19c14ef6418022d90e7bf49a8b9d701ba9d-iRtxJy.jpg]
[hdinvesting.cn/wp-content/uploads/2016/07/university6.jpg]
[hdinvesting.cn/indexef55.html]
[hdinvesting.cn/index30d3.html]
[hdinvesting.cn/wp-content/themes/corporate-plus/acmethemes/core/js/skip-link-focus-fix08e0.js]
[hdinvesting.cn/wp-content/themes/corporate-plus/assets/library/bootstrap/js/bootstrap.mine485.js]
[hdinvesting.cn/wp-content/themes/corporate-plus/assets/library/bxslider/js/jquery.bxslider.mind19b.js]
[hdinvesting.cn/index859c.html]
[hdinvesting.cn/wp-content/themes/corporate-plus/assets/library/wow/js/wow.mincfa9.js]
[hdinvesting.cn/wp-content/themes/corporate-plus/assets/library/jquery-parallax/jquery.parallaxc358.js]
[hdinvesting.cn/wp-content/themes/corporate-plus/assets/js/corporate-plus-custom8a54.js]
[hdinvesting.cn/index5534.html]
[hdinvesting.cn/wp-includes/js/wp-embed.min62d0.js]
[hdinvesting.cn/index.html]
[hdinvesting.cn/xmlrpc.php]
[hdinvesting.cn/wp-content/themes/corporate-plus/assets/library/bootstrap/css/bootstrap.mine485.css]
[hdinvesting.cn/index6499.html]
[hdinvesting.cn/index7665.html]
[hdinvesting.cn/wp-content/themes/corporate-plus/assets/library/Font-Awesome/fonts/fontawesome-webfont3295.eot]
[hdinvesting.cn/indexcff1.html]
[hdinvesting.cn/index2cce.html]
[hdinvesting.cn/indexcd64.html]
[hdinvesting.cn/wp-content/themes/corporate-plus/assets/library/Font-Awesome/fonts/fontawesome-webfontd41d.eot]
[hdinvesting.cn/wp-content/themes/corporate-plus/assets/library/Font-Awesome/fonts/fontawesome-webfont3295.woff]
[hdinvesting.cn/wp-content/themes/corporate-plus/assets/library/Font-Awesome/css/font-awesome.min268f.css]
[hdinvesting.cn/wp-content/themes/corporate-plus/assets/library/bxslider/images/controls.png]
[hdinvesting.cn/wp-content/themes/corporate-plus/assets/library/bxslider/css/jquery.bxslider.mind19b.css]
[hdinvesting.cn/wp-content/themes/corporate-plus/assets/img/continents-bg.png]
[hdinvesting.cn/wp-content/themes/corporate-plus/style62d0.css]
[hdinvesting.cn/wp-content/themes/corporate-plus/assets/library/animate/animate.min3b71.css]
[hdinvesting.cn/index30d3.html]
[hdinvesting.cn/index859c.html]
[hdinvesting.cn/index5534.html]
[hdinvesting.cn/wp-content/uploads/2016/07/微信截图_20160711140836.png]
[hdinvesting.cn/index9e4b.html]
[hdinvesting.cn/index3c3d.html]
[hdinvesting.cn/wp-content/uploads/2016/07/微信截图_20160711140836-300x191.png]
[hdinvesting.cn/wp-content/uploads/2016/07/52203650433284878.jpg]
[hdinvesting.cn/wp-content/uploads/2016/07/52203650433284878-300x300.jpg]
[hdinvesting.cn/index6499.html]
[hdinvesting.cn/indexa61d.html]
[hdinvesting.cn/wp-includes/js/comment-reply.min62d0.js]
[hdinvesting.cn/index7665.html]
[hdinvesting.cn/wp-content/uploads/2016/07/office-620817_1280-340x240-150x150.jpg]
[hdinvesting.cn/index4b92.html]
[hdinvesting.cn/wp-content/uploads/2016/07/calculator-178127_640-340x240-150x150.jpg]
[hdinvesting.cn/index0087.html]
[hdinvesting.cn/wp-content/uploads/2016/07/business-1012761_640-340x240-150x150.jpg]
[hdinvesting.cn/indexcd64.html]
[hdinvesting.cn/indexb0b1.html]
[hdinvesting.cn/index2cce.html]
[hdinvesting.cn/indexcff1.html]
[hdinvesting.cn/index8639.html]
[hdinvesting.cn/wp-content/themes/corporate-plus/assets/library/Font-Awesome/fonts/fontawesome-webfont3295.html]
[hdinvesting.cn/wp-content/themes/corporate-plus/assets/library/Font-Awesome/fonts/fontawesome-webfont3295-2.html]
[hdinvesting.cn/wp-content/themes/corporate-plus/assets/library/Font-Awesome/fonts/fontawesome-webfont3295.svg]
[hdinvesting.cn/index5c7e.html]
[hdinvesting.cn/index50f6.html]
[hdinvesting.cn/index42dc.html]
[hdinvesting.cn/index0012.html]
[hdinvesting.cn/indexf9c3.html]
[hdinvesting.cn/index6b53.html]
[hdinvesting.cn/indexa9d6.html]
[hdinvesting.cn/index6d01.html]
[hdinvesting.cn/indexb31a.html]
[hdinvesting.cn/index78a0.html]
[hdinvesting.cn/indexdd09.html]
[hdinvesting.cn/indexca77.html]
[hdinvesting.cn/indexb359.html]
[hdinvesting.cn/indexb31a.html]
[hdinvesting.cn/indexe539.html]
[hdinvesting.cn/index3dec.html]
[hdinvesting.cn/indexc761.html]
[hdinvesting.cn/index7e31.html]
