[mecare.cn/index.html]
[backblue.gif]
[fade.gif]
[index.html]
[mecare.cn/public/styles/reset.css]
[mecare.cn/public/styles/index-min81cd.css]
[mecare.cn/public/styles/slick.css]
[mecare.cn/public/styles/slick-theme.css]
[mecare.cn/public/styles/swiper.min.css]
[mecare.cn/public/styles/moikit.2.0.css]
[mecare.cn/public/scripts/jquery-1.11.0.min.js]
[mecare.cn/public/scripts/swiper.min.js]
[hm.baidu.com/hm4ac5.js]
[mecare.cn/pro/cuptime2.html]
[mecare.cn/pro/gene.html]
[mecare.cn/pro/tita.html]
[mecare.cn/app/moikit.html]
[mecare.cn/shop.html]
[mecare.cn/public/images/gene/phone-nav-icon.png]
[mecare.cn/public/images/gene/pro-cuptime.jpg]
[mecare.cn/public/images/gene/pro-cuptime-logo.png]
[mecare.cn/pro/seed/index.html]
[mecare.cn/public/images/gene/pro-hover.png]
[mecare.cn/public/images/gene/pro-gene.jpg]
[mecare.cn/public/images/gene/pro-gene-logo.png]
[mecare.cn/pro/seed.html]
[mecare.cn/public/images/s1600/pro-s1600.jpg]
[mecare.cn/public/images/s1600/s1600-logo.png]
[mecare.cn/public/images/gene/pro-tita.jpg]
[mecare.cn/public/images/gene/pro-tita-logo.png]
[mecare.cn/public/images/gene/prise-text-a.png]
[mecare.cn/public/images/gene/prise-text-b.png]
[mecare.cn/public/images/gene/prise-text-c.png]
[mecare.cn/public/images/gene/prise-text-d.png]
[mecare.cn/public/images/gene/prise-text-e.png]
[mecare.cn/public/images/gene/prise-text-f.png]
[mecare.cn/public/images/gene/prise-logo-a-bo.png]
[mecare.cn/public/images/gene/prise-logo-b-bo.png]
[mecare.cn/public/images/gene/prise-logo-c-bo.png]
[mecare.cn/public/images/gene/prise-logo-d-bo.png]
[mecare.cn/public/images/gene/prise-logo-e-bo.png]
[mecare.cn/public/images/gene/prise-logo-f-bo.png]
[mecare.cn/media.html]
[mecare.cn/team.html]
[mecare.cn/contact.html]
[mecare.cn/join.html]
[mecare.cn/register/reg-agreement.html]
[mecare.cn/public/scripts/jquery-migrate-1.2.1.min.js]
[szcert.ebs.org.cn/govicond8ff.js]
[mecare.cn/public/scripts/slick.min.js]
[mecare.cn/public/scripts/moikit.mian.2.0.js]
[mecare.cn/index.html]
[mecare.cn/public/scripts/mecare.basef06d.js]
[mecare.cn/public/styles/reset.css]
[mecare.cn/public/images/logo.png]
[mecare.cn/public/images/logo@2x.png]
[mecare.cn/public/images/eshop/jd-bg.png]
[mecare.cn/public/images/eshop/jdc-btn.png]
[mecare.cn/public/images/eshop/add-btn.png]
[mecare.cn/public/images/mecare-icon.png]
[mecare.cn/public/images/user/wl-bg.png]
[mecare.cn/public/images/app-btn.png]
[mecare.cn/public/images/shop-li.png]
[mecare.cn/public/images/eshop/cup-gg.jpg]
[mecare.cn/public/images/eshop/here-gg.jpg]
[mecare.cn/public/images/eshop/lem-gg.jpg]
[mecare.cn/public/images/eshop/lemx-gg.png]
[mecare.cn/public/images/error.png]
[mecare.cn/public/images/eshop/seed-check-bg.png]
[mecare.cn/public/images/eshop/20160119/cuptime2.png]
[mecare.cn/public/images/eshop/20160119/tita.png]
[mecare.cn/public/images/eshop/20160119/here.png]
[mecare.cn/public/images/eshop/20160119/cuptime.png]
[mecare.cn/public/images/eshop/20160119/lemon.png]
[mecare.cn/public/images/eshop/20160119/lemon2.png]
[mecare.cn/public/styles/index-min81cd.css]
[mecare.cn/public/styles/slick.css]
[mecare.cn/public/styles/fonts/slick.eot]
[mecare.cn/public/styles/fonts/slickd41d.eot]
[mecare.cn/public/styles/fonts/slick.woff]
[mecare.cn/public/styles/fonts/slick.ttf]
[mecare.cn/public/styles/fonts/slick.svg]
[mecare.cn/public/styles/slick-theme.css]
[mecare.cn/public/styles/swiper.min.css]
[mecare.cn/public/images/gene/logo-white.png]
[mecare.cn/public/images/gene/shop-car-icon-white.png]
[mecare.cn/public/images/gene/shop-car-icon-blue.png]
[mecare.cn/public/images/gene/login-icon-white.png]
[mecare.cn/public/images/gene/lan-icon.png]
[mecare.cn/public/images/gene/logo-black.png]
[mecare.cn/public/images/gene/login-icon-black.png]
[mecare.cn/public/images/gene/shop-car-icon-black.png]
[mecare.cn/public/images/s1600/a-bg.jpg]
[mecare.cn/public/images/gene/banner-bg-b.jpg]
[mecare.cn/public/images/gene/banner-bg-a.png]
[mecare.cn/public/images/gene/moikit-team-banner.jpg]
[mecare.cn/public/images/gene/moikit-team-banner-b.jpg]
[mecare.cn/public/images/gene/join-banner.jpg]
[mecare.cn/public/images/gene/moikit-join-hide.png]
[mecare.cn/public/images/gene/moikit-join-show.png]
[mecare.cn/public/images/gene/moikit-map-img.jpg]
[mecare.cn/public/images/app/aap-banner.jpg]
[mecare.cn/public/images/gene/phone-btn-icon-a.png]
[mecare.cn/public/images/gene/phone-btn-icon-c.png]
[mecare.cn/public/images/gene/phone-btn-icon-b.png]
[mecare.cn/public/images/s1600/a-03.png]
[mecare.cn/public/images/s1600/a-02.png]
[mecare.cn/public/images/s1600/a-01.png]
[mecare.cn/public/styles/moikit.2.0.css]
[mecare.cn/public/scripts/jquery-1.11.0.min.js]
[mecare.cn/public/scripts/swiper.min.js]
[mecare.cn/public/images/favicon.ico]
[mecare.cn/public/styles/mecare-commonf06d.css]
[mecare.cn/public/styles/mecare-seedbb5d.css]
[mecare.cn/public/scripts/envliment.readchar073a.js]
[mecare.cn/public/images/cuptime2/cup-nav-icon.png]
[mecare.cn/app/mecare.html]
[mecare.cn/public/scripts/jquery.js]
[mecare.cn/public/images/cuptime2/lp/1.png]
[mecare.cn/public/images/cuptime2/lp/2.png]
[mecare.cn/public/images/cuptime2/lp/3.png]
[mecare.cn/public/images/cuptime2/lp/4.png]
[mecare.cn/public/images/cuptime2/lp/5.png]
[mecare.cn/public/images/cuptime2/lp/6.png]
[mecare.cn/public/images/cuptime2/lp/7.png]
[mecare.cn/public/images/cuptime2/lp/8.png]
[mecare.cn/public/images/cuptime2/lp/9.png]
[mecare.cn/public/images/cuptime2/lp/10.png]
[mecare.cn/public/images/cuptime2/lp/11.png]
[mecare.cn/public/images/cuptime2/lp/12.png]
[mecare.cn/public/images/cuptime2/lp/13.png]
[mecare.cn/public/images/cuptime2/lp/14.png]
[mecare.cn/public/images/cuptime2/lp/15.png]
[mecare.cn/public/images/cuptime2/lp/16.png]
[mecare.cn/public/images/cuptime2/lp/17.png]
[mecare.cn/public/images/cuptime2/lp/18.png]
[mecare.cn/public/images/cuptime2/lp/19.png]
[mecare.cn/public/images/cuptime2/lp/20.png]
[mecare.cn/public/images/cuptime2/lp/21.png]
[mecare.cn/public/images/cuptime2/lp/22.png]
[mecare.cn/public/images/cuptime2/lp/23.png]
[mecare.cn/public/images/cuptime2/lp/24.png]
[mecare.cn/public/images/cuptime2/cup-tip-a.png]
[mecare.cn/public/images/cuptime2/cup-first-img.png]
[mecare.cn/public/images/cuptime2/cup-tip-b.png]
[mecare.cn/public/images/cuptime2/cup-tip-d.png]
[mecare.cn/public/images/seed/data-img.png]
[mecare.cn/public/images/cuptime2/cup-fi-02.png]
[mecare.cn/public/images/cuptime2/cup-fi-01.png]
[mecare.cn/public/images/cuptime2/cup-fi-03.png]
[mecare.cn/public/images/cuptime2/cup-five-movie-box-line.png]
[mecare.cn/public/images/cuptime2/cup-six-movie-ag.png]
[mecare.cn/public/images/cuptime2/cup-five-movie-box-bottom.png]
[mecare.cn/public/images/cuptime2/cup-five-movie-box-th.png]
[mecare.cn/public/images/cuptime2/cup-five-movie-box-ta.png]
[mecare.cn/public/images/cuptime2/cup-five-movie-box-tb.png]
[mecare.cn/public/images/cuptime2/cup-five-movie-box-in.png]
[mecare.cn/public/images/cuptime2/cup-five-movie-box-tc.png]
[mecare.cn/public/images/cuptime2/cup-five-movie-box-td.png]
[mecare.cn/public/images/cuptime2/cup-five-movie-box-te.png]
[mecare.cn/public/images/cuptime2/cup-five-movie-box-tg.png]
[mecare.cn/public/images/cuptime2/cup-five-movie-box-tf.png]
[mecare.cn/public/images/cuptime2/cup-five-movie-box-out.png]
[mecare.cn/public/images/cuptime2/cup-five-movie-box-top.png]
[mecare.cn/public/images/cuptime2/cup-six-movie-b.png]
[mecare.cn/public/images/cuptime2/cup-six-movie-c.png]
[mecare.cn/public/images/cuptime2/cup-six-movie-d.png]
[mecare.cn/public/images/cuptime2/cup-six-movie-e.png]
[mecare.cn/public/images/cuptime2/cup-six-movie-f.png]
[mecare.cn/public/images/cuptime2/cup-six-movie-a.png]
[mecare.cn/public/images/cuptime2/cup-tip-c.png]
[mecare.cn/public/scripts/jquery.uriAnchora6d9.js]
[mecare.cn/public/scripts/mecare.readchara6d9.js]
[mecare.cn/public/scripts/cuptime2.readcharf06d.js]
[mecare.cn/pro/cuptime2.html]
[mecare.cn/public/scripts/jquery.mousewheel.min.js]
[mecare.cn/public/styles/mecare.gene.css]
[mecare.cn/public/styles/mecare.gene.animate.css]
[mecare.cn/public/images/gene/pro/gene-nav-logo.png]
[mecare.cn/public/images/gene/pro/gene-logo.png]
[mecare.cn/public/images/gene/pro/image-a.png]
[mecare.cn/public/images/gene/pro/image-b.png]
[mecare.cn/public/images/gene/pro/image-c.png]
[mecare.cn/public/images/gene/pro/image-d.png]
[mecare.cn/public/images/gene/pro/image-e.png]
[mecare.cn/public/images/gene/pro/image-g.png]
[mecare.cn/public/images/gene/pro/image-h.png]
[mecare.cn/public/images/gene/pro/image-i.png]
[mecare.cn/public/images/gene/pro/image-f.png]
[mecare.cn/public/images/gene/pro/image-j.png]
[mecare.cn/pro/gene.html]
[mecare.cn/public/scripts/moikit.gene.pro.js]
[mecare.cn/public/styles/mecare.s1600.css]
[mecare.cn/public/images/s1600/logo-seed.png]
[mecare.cn/public/images/s1600/a-04.png]
[mecare.cn/public/images/s1600/b-02.png]
[mecare.cn/public/images/s1600/b-03.png]
[mecare.cn/public/images/s1600/b-04.png]
[mecare.cn/public/images/s1600/e-02.png]
[mecare.cn/public/images/s1600/f-01.png]
[mecare.cn/public/images/s1600/f-02.png]
[mecare.cn/public/images/s1600/g-01.png]
[mecare.cn/public/images/s1600/k-01.png]
[mecare.cn/public/images/s1600/l-01.png]
[mecare.cn/pro/seed/index.html]
[mecare.cn/public/scripts/moikit.s1600.pro.js]
[mecare.cn/public/styles/moikit-titafb39.css]
[mecare.cn/public/styles/anim-timeline-tenfb39.css]
[mecare.cn/public/images/tita/tita-logo.png]
[mecare.cn/public/images/tita/tita-icon.png]
[mecare.cn/public/images/cuptime2/cup-o-video.png]
[mecare.cn/public/images/tita/tita.png]
[mecare.cn/public/images/tita/bp.png]
[mecare.cn/public/images/tita/ca.png]
[mecare.cn/public/images/tita/cb.png]
[mecare.cn/public/images/tita/cc.png]
[mecare.cn/public/images/tita/cd.png]
[mecare.cn/public/images/tita/co.png]
[mecare.cn/public/images/tita/cp.png]
[mecare.cn/public/images/tita/Cr.png]
[mecare.cn/public/images/tita/cs.png]
[mecare.cn/public/images/tita/Cu.png]
[mecare.cn/public/images/tita/Hg.png]
[mecare.cn/public/images/tita/moive/tita-a.mp4]
[mecare.cn/public/images/tita/tita-cover.png]
[mecare.cn/public/images/tita/tita-bottom.png]
[mecare.cn/public/images/tita/tita-midd.png]
[mecare.cn/public/images/tita/tita-top.png]
[mecare.cn/public/images/tita/tita-down.png]
[mecare.cn/public/images/tita/tita-center.png]
[mecare.cn/public/images/tita/tita-on.png]
[mecare.cn/public/images/tita/tili-a-bg.png]
[mecare.cn/public/images/tita/tili-a.png]
[mecare.cn/public/images/tita/tili-b.png]
[mecare.cn/public/images/tita/tili-c.png]
[mecare.cn/public/images/tita/tili-opci.png]
[mecare.cn/public/images/tita/book-a.jpg]
[mecare.cn/public/images/tita/book-b.jpg]
[mecare.cn/public/images/tita/book-c.jpg]
[mecare.cn/public/images/tita/book-d.jpg]
[mecare.cn/public/images/tita/tita-phone.png]
[mecare.cn/public/images/tita/tita-phon.png]
[mecare.cn/public/images/tita/tita-desi.png]
[mecare.cn/public/images/tita/18.png]
[mecare.cn/public/images/tita/17.png]
[mecare.cn/public/images/tita/31.png]
[mecare.cn/public/images/tita/30.png]
[mecare.cn/public/images/tita/moive/tita-b.mp4]
[mecare.cn/public/images/tita/moive/tita-b.gif]
[mecare.cn/public/images/tita/Tita12_14.jpg]
[mecare.cn/public/images/tita/moive/tita-c.mp4]
[mecare.cn/public/images/tita/moive/tita-c.gif]
[mecare.cn/public/images/tita/Tita12_15.jpg]
[mecare.cn/public/images/tita/moive/tita-d.mp4]
[mecare.cn/public/images/tita/moive/tita-d.gif]
[mecare.cn/public/images/tita/Tita12_16.jpg]
[mecare.cn/public/images/tita/tita-sic-b.png]
[mecare.cn/public/images/tita/tita-sic-c.png]
[mecare.cn/public/images/tita/tita-sic-a.png]
[mecare.cn/public/images/tita/tita-app-e.png]
[mecare.cn/public/images/tita/tita-app-d.png]
[mecare.cn/public/images/tita/tita-app-a.png]
[mecare.cn/public/images/tita/tita-app-b.png]
[mecare.cn/public/images/tita/tita-app-c.png]
[mecare.cn/public/plugins/video/video-js.css]
[mecare.cn/public/plugins/video/video-js.swf]
[mecare.cn/public/plugins/video/video.js]
[mecare.cn/public/images/tita/moive-img.jpg]
[mecare.cn/public/scripts/moikit-titafb39.js]
[mecare.cn/pro/tita.html]
[mecare.cn/public/images/app/app-download.png]
[mecare.cn/public/images/app/app-a.png]
[mecare.cn/public/images/app/app-b.png]
[mecare.cn/public/images/app/app-c.png]
[mecare.cn/public/images/app/app-d.png]
[mecare.cn/public/images/app/app-logo-a.png]
[mecare.cn/public/images/app/app-logo-b.png]
[mecare.cn/public/images/app/app-logo-c.png]
[mecare.cn/public/images/app/app-logo-d.png]
[mecare.cn/public/images/app/moikit-ew-code.jpg]
[mecare.cn/app/moikit.html]
[mecare.cn/public/styles/moikit.shop2e33.css]
[mecare.cn/public/images/s1600/s1600-banner-c.png]
[mecare.cn/public/images/s1600/s1600-banner-b.png]
[mecare.cn/public/images/s1600/s1600-banner-a.png]
[mecare.cn/public/images/s1600/s1600-banner.jpg]
[mecare.cn/public/images/eshop/20161222/1.jpg]
[mecare.cn/public/images/eshop/20161222/2.jpg]
[mecare.cn/public/images/eshop/20161222/3.jpg]
[mecare.cn/public/images/eshop/20161222/4.jpg]
[mecare.cn/shop.html]
[mecare.cn/pro/seed.html]
[mecare.cn/public/styles/theme/defaul81cd.css]
[mecare.cn/us/contact.html]
[mecare.cn/us/join.html]
[mecare.cn/public/scripts/waterfall.min.js]
[ssl.google-analytics.com/ga.js]
[mecare.cn/public/scripts/handlebars.js]
[mecare.cn/media.html]
[mecare.cn/public/images/gene/moikit-team-banner-logo.png]
[mecare.cn/public/images/gene/team/a-1.png]
[mecare.cn/public/images/gene/team/a-3.png]
[mecare.cn/public/images/gene/team/a-9.png]
[mecare.cn/public/images/gene/team/a-10.png]
[mecare.cn/public/images/gene/team/a-12.png]
[mecare.cn/public/images/gene/team/a-15.png]
[mecare.cn/public/images/gene/team/a-16.png]
[mecare.cn/public/images/gene/team/a-18.png]
[mecare.cn/public/images/gene/team/a-20.png]
[mecare.cn/public/images/gene/team/a-22.png]
[mecare.cn/public/images/gene/team/a-14.png]
[mecare.cn/public/images/gene/moikit-team-img-a.png]
[mecare.cn/public/images/gene/moikit-team-img-b.png]
[mecare.cn/public/images/gene/moikit-team-img-c.png]
[mecare.cn/public/images/gene/moikit-team-img-d.png]
[mecare.cn/public/images/gene/moikit-prise-c.png]
[mecare.cn/public/images/gene/moikit-prise-a.png]
[mecare.cn/public/images/gene/moikit-prise-d.png]
[mecare.cn/public/images/gene/moikit-prise-e.png]
[mecare.cn/public/images/gene/moikit-prise-b.png]
[mecare.cn/public/images/gene/moikit-prise-f.png]
[mecare.cn/team.html]
[mecare.cn/contact.html]
[mecare.cn/public/images/gene/moikit-join-adva.png]
[mecare.cn/public/images/gene/moikit-join-advb.png]
[mecare.cn/public/images/gene/moikit-join-advc.png]
[mecare.cn/public/images/gene/moikit-join-advd.png]
[mecare.cn/join.html]
[mecare.cn/public/images/mecare-xy.jpg]
[mecare.cn/register/reg-agreement.html]
[szcert.ebs.org.cn/Images/govIcon.gif]
[szcert.ebs.org.cn/Images/newGovIcon.gif]
[szcert.ebs.org.cn/govicond8ff.js]
[mecare.cn/public/scripts/jquery-migrate-1.2.1.min.js]
[mecare.cn/public/scripts/slick.min.js]
[mecare.cn/public/scripts/moikit.mian.2.0.js]
[mecare.cn/public/images/2w.png]
[mecare.cn/public/scripts/mecare.basef06d.js]
[mecare.cn/public/images/home-here.html]
[mecare.cn/public/images/img-01.html]
[mecare.cn/public/images/mecarestore.html]
[mecare.cn/public/images/herevideo.html]
[mecare.cn/public/images/app-defaul.html]
[mecare.cn/public/images/here-long.html]
[mecare.cn/public/styles/ajax-loader.html]
[mecare.cn/public/styles/fonts/slick.html]
[mecare.cn/public/styles/fonts/slickd41d.html]
[mecare.cn/public/styles/fonts/slick-2.html]
[mecare.cn/public/styles/fonts/slick-3.html]
[mecare.cn/public/styles/fonts/slick-4.html]
[mecare.cn/public/images/here/here-11-bg.png]
[mecare.cn/public/images/here/here-14-01.jpg]
[mecare.cn/public/images/here/here-14-02.jpg]
[mecare.cn/public/images/here/here-14-03.jpg]
[mecare.cn/public/images/lemon2/lem-04-bg.jpg]
[mecare.cn/public/images/lemon2/4-phone.png]
[mecare.cn/public/images/lemon2/4-H.png]
[mecare.cn/public/images/lemon2/4-zt.png]
[mecare.cn/public/images/lemon2/4-mm-43.8kg.png]
[mecare.cn/public/images/lemon2/4-gg-74.5kg.png]
[mecare.cn/public/images/lemon2/4-M-62.1kg.png]
[mecare.cn/public/images/lemon2/4-bb-79.3kg.png]
[mecare.cn/public/images/lemon2/lem-04-btn.png]
[mecare.cn/public/images/here/here-03-bg.jpg]
[mecare.cn/public/images/here/here-03-bg.png]
[mecare.cn/public/images/here/here-movie.png]
[mecare.cn/public/images/here/here-02-btn.png]
[mecare.cn/public/images/here/here-05-bg.png]
[mecare.cn/public/images/here/here-04-bg.png]
[mecare.cn/public/images/here/here-10-bg.png]
[mecare.cn/public/images/here/here-04-icon.png]
[mecare.cn/public/images/here/here-05-btn.png]
[mecare.cn/public/images/here/here-05-bi.png]
[mecare.cn/public/images/here/here-06-04.png]
[mecare.cn/public/images/here/here-icon.png]
[mecare.cn/public/images/here/here-icon-text.png]
[mecare.cn/public/images/lemonx/lemon-09-01.png]
[mecare.cn/public/images/lemonx/lemon-10-01.png]
[mecare.cn/public/images/lemonx/lemon-11-01.png]
[mecare.cn/public/images/lemonx/lemon-11-02.png]
[mecare.cn/public/styles/mecare-commonf06d.css]
[mecare.cn/public/fonts/mcsy.ttf]
[mecare.cn/public/fonts/mcsyd41d.eot]
[mecare.cn/public/fonts/mcsy.woff]
[mecare.cn/public/fonts/mcsy.svg]
[mecare.cn/public/images/cuptime2/cup-t-b.jpg]
[mecare.cn/public/images/cuptime2/cup-th-bg.jpg]
[mecare.cn/public/images/cuptime2/cup-th-img.png]
[mecare.cn/public/images/cuptime2/cup-ti-bg.jpg]
[mecare.cn/public/images/cuptime2/cup-tj-bg.jpg]
[mecare.cn/public/images/cuptime2/cup-eight-bg.jpg]
[mecare.cn/public/images/cuptime2/cup-eigh-bgt.png]
[mecare.cn/public/images/cuptime2/cup-eight-cg.jpg]
[mecare.cn/public/images/cuptime2/cup-eight-cimg.png]
[mecare.cn/public/images/cuptime2/cup-eight-dg.jpg]
[mecare.cn/public/images/cuptime2/cup-seven-icon.jpg]
[mecare.cn/public/images/seed/seed-other-bg.jpg]
[mecare.cn/public/images/seed/mecare-seed-full-page-d.jpg]
[mecare.cn/public/images/seed/seed-bg-a.jpg]
[mecare.cn/public/images/seed/seed-bg-b.jpg]
[mecare.cn/public/images/seed/seed-bg-c.jpg]
[mecare.cn/public/images/seed/seed-kinda-a.png]
[mecare.cn/public/images/seed/seed-kinda-b.png]
[mecare.cn/public/images/seed/seed-kinda-c.png]
[mecare.cn/public/images/seed/seed-kinda-d.png]
[mecare.cn/public/images/seed/seed-kinda-e.png]
[mecare.cn/public/images/seed/seed-kinda-f.png]
[mecare.cn/public/images/seed/seed-kinda-g.png]
[mecare.cn/public/images/seed/seed-kinda-h.png]
[mecare.cn/public/images/seed/seed-four-a.jpg]
[mecare.cn/public/images/seed/seed-four-b.jpg]
[mecare.cn/public/images/seed/seed-four-c.jpg]
[mecare.cn/public/images/seed/seed-four-d.jpg]
[mecare.cn/public/images/seed/seed-metail-bg.jpg]
[mecare.cn/public/images/cuptime2/mecare-nine-bg.jpg]
[mecare.cn/public/styles/mecare-seedbb5d.css]
[mecare.cn/public/scripts/envliment.readchar073a.js]
[mecare.cn/public/scripts/jquery.js]
[mecare.cn/app/mecare.html]
[mecare.cn/public/scripts/jquery.uriAnchora6d9.js]
[mecare.cn/public/scripts/mecare.readchara6d9.js]
[mecare.cn/public/scripts/cuptime2.readcharf06d.js]
[mecare.cn/public/scripts/jquery.mousewheel.min.js]
[mecare.cn/public/images/gene/pro/gene_bg_a.jpg]
[mecare.cn/public/images/gene/pro/gene_bg_b.jpg]
[mecare.cn/public/images/gene/pro/gene_bg_c.jpg]
[mecare.cn/public/images/gene/pro/gene_bg_d.jpg]
[mecare.cn/public/images/gene/pro/gene_bg_e.jpg]
[mecare.cn/public/images/gene/pro/gene-bg-j.jpg]
[mecare.cn/public/images/gene/pro/gene_bg_f.jpg]
[mecare.cn/public/images/gene/pro/gene_bg_g.jpg]
[mecare.cn/public/images/gene/pro/gene_bg_h.jpg]
[mecare.cn/public/images/gene/pro/gene_bg_i.jpg]
[mecare.cn/public/styles/mecare.gene.css]
[mecare.cn/public/styles/mecare.gene.animate.css]
[mecare.cn/public/scripts/moikit.gene.pro.js]
[mecare.cn/public/images/s1600/m-01.jpg]
[mecare.cn/public/images/s1600/m-02.jpg]
[mecare.cn/public/images/s1600/m-03.jpg]
[mecare.cn/public/images/s1600/m-04.jpg]
[mecare.cn/public/images/s1600/m-05.jpg]
[mecare.cn/public/images/s1600/m-06.jpg]
[mecare.cn/public/images/s1600/b-01.jpg]
[mecare.cn/public/images/s1600/c-01.jpg]
[mecare.cn/public/images/s1600/e-01.jpg]
[mecare.cn/public/images/s1600/h-01.png]
[mecare.cn/public/images/s1600/h-02.png]
[mecare.cn/public/images/s1600/h-03.png]
[mecare.cn/public/images/s1600/i-01.png]
[mecare.cn/public/images/s1600/j-01.png]
[mecare.cn/public/images/s1600/j-02.png]
[mecare.cn/public/styles/mecare.s1600.css]
[mecare.cn/public/scripts/moikit.s1600.pro.js]
[mecare.cn/public/fonts/open-sans.lightd41d.eot]
[mecare.cn/public/fonts/open-sans.light.woff]
[mecare.cn/public/fonts/open-sans.light.ttf]
[mecare.cn/public/images/tita/Tita12_02.jpg]
[mecare.cn/public/images/tita/Tita12_03.jpg]
[mecare.cn/public/images/tita/Tita12.29_02.jpg]
[mecare.cn/public/images/tita/Tita12_04.jpg]
[mecare.cn/public/images/tita/Tita12_05.jpg]
[mecare.cn/public/images/tita/Tita12_09.jpg]
[mecare.cn/public/images/tita/Tita12_12.jpg]
[mecare.cn/public/styles/moikit-titafb39.css]
[mecare.cn/public/styles/anim-timeline-tenfb39.css]
[mecare.cn/public/plugins/video/font/vjs.eot]
[mecare.cn/public/plugins/video/font/vjsd41d.eot]
[mecare.cn/public/plugins/video/font/vjs.woff]
[mecare.cn/public/plugins/video/font/vjs.ttf]
[mecare.cn/public/plugins/video/video-js.css]
[mecare.cn/public/plugins/video/video.js]
[mecare.cn/public/scripts/moikit-titafb39.js]
[mecare.cn/public/styles/moikit.shop2e33.css]
[mecare.cn/public/styles/theme/defaul81cd.css]
[mecare.cn/us/contact.html]
[mecare.cn/us/join.html]
[mecare.cn/public/scripts/handlebars.js]
[mecare.cn/public/scripts/waterfall.min.js]
[mecare.cn/public/images/cuptime/cup-01-bg.html]
[mecare.cn/public/images/cuptime/cup-02-bg.html]
[mecare.cn/public/images/cuptime/more-icon.html]
[mecare.cn/public/images/cuptime/cuptime-02-01.html]
[mecare.cn/public/images/cuptime/cuptime-02-02.html]
[mecare.cn/public/images/cuptime/cuptime-02-03.html]
[mecare.cn/public/images/cuptime/3-an.html]
[mecare.cn/public/images/cuptime/3-dw.html]
[mecare.cn/public/images/cuptime/5-s.html]
[mecare.cn/public/images/cuptime/5-h.html]
[mecare.cn/public/images/cuptime/6-bg.html]
[mecare.cn/public/images/cuptime/cup-08-bg.html]
[mecare.cn/public/images/cuptime/9-01.html]
[mecare.cn/public/images/cuptime/9-02.html]
[mecare.cn/public/images/cuptime/9-03.html]
[mecare.cn/public/fonts/mcsy.html]
[mecare.cn/public/plugins/video/font/vjs.svg]
