[backblue.gif]
[fade.gif]
[index.html]
[91tt.cn/img/favicon.ico]
[91tt.cn/img/apple-touch-icon.png]
[img.91tt.cn/img/slider/11.jpg_; filename_=utf-8' '11.jpg]
[img.91tt.cn/img/slider/22.jpg_; filename_=utf-8' '22.jpg]
[img.91tt.cn/img/about/3.jpg_; filename_=utf-8' '3.jpg]
[img.91tt.cn/img/about/2.jpg_; filename_=utf-8' '2.jpg]
[img.91tt.cn/img/portfolio/13.jpg_; filename_=utf-8' '13.jpg]
[img.91tt.cn/img/portfolio/02.jpg_; filename_=utf-8' '02.jpg]
[img.91tt.cn/img/portfolio/03.jpg_; filename_=utf-8' '03.jpg]
[img.91tt.cn/img/portfolio/12.jpg_; filename_=utf-8' '12.jpg]
[img.91tt.cn/img/portfolio/09.jpg_; filename_=utf-8' '09.jpg]
[img.91tt.cn/img/portfolio/11.jpg_; filename_=utf-8' '11.jpg]
[img.91tt.cn/img/portfolio/04.jpg_; filename_=utf-8' '04.jpg]
[img.91tt.cn/img/portfolio/05.jpg_; filename_=utf-8' '05.jpg]
[img.91tt.cn/img/portfolio/06.jpg_; filename_=utf-8' '06.jpg]
[img.91tt.cn/img/portfolio/07.jpg_; filename_=utf-8' '07.jpg]
[img.91tt.cn/img/portfolio/08.jpg_; filename_=utf-8' '08.jpg]
[img.91tt.cn/img/portfolio/10.jpg_; filename_=utf-8' '10.jpg]
[img.91tt.cn/img/portfolio/00.jpg_; filename_=utf-8' '00.jpg]
[91tt.cn/lib/jquery/jquery.min.js]
[91tt.cn/lib/bootstrap/js/bootstrap.min.js]
[91tt.cn/lib/owlcarousel/owl.carousel.min.js]
[91tt.cn/lib/venobox/venobox.min.js]
[91tt.cn/lib/knob/jquery.knob.js]
[91tt.cn/lib/wow/wow.min.js]
[91tt.cn/lib/parallax/parallax.js]
[91tt.cn/lib/easing/easing.min.js]
[91tt.cn/lib/nivo-slider/js/jquery.nivo.slider.js]
[91tt.cn/lib/appear/jquery.appear.js]
[91tt.cn/lib/isotope/isotope.pkgd.min.js]
[91tt.cn/contactform/contactform.js]
[91tt.cn/js/main.js]
[91tt.cn/index.html]
[hm.baidu.com/hm4969.js]
[91tt.cn/lib/bootstrap/fonts/glyphicons-halflings-regular.eot]
[91tt.cn/lib/bootstrap/fonts/glyphicons-halflings-regulard41d.eot]
[91tt.cn/lib/bootstrap/fonts/glyphicons-halflings-regular.woff]
[91tt.cn/lib/bootstrap/fonts/glyphicons-halflings-regular.ttf]
[91tt.cn/lib/bootstrap/css/bootstrap.min.css]
[91tt.cn/lib/nivo-slider/css/nivo-slider.css]
[91tt.cn/lib/owlcarousel/owl.carousel.css]
[91tt.cn/lib/owlcarousel/owl.transitions.css]
[91tt.cn/lib/font-awesome/fonts/fontawesome-webfont3e6e.eot]
[91tt.cn/lib/font-awesome/fonts/fontawesome-webfontd41d.eot]
[91tt.cn/lib/font-awesome/fonts/fontawesome-webfont3e6e.woff]
[91tt.cn/lib/font-awesome/fonts/fontawesome-webfont3e6e.ttf]
[91tt.cn/lib/font-awesome/css/font-awesome.min.css]
[91tt.cn/lib/animate/animate.min.css]
[91tt.cn/lib/venobox/venobox.css]
[91tt.cn/lib/nivo-slider/img/loading.gif]
[91tt.cn/lib/nivo-slider/img/bullets.png]
[91tt.cn/lib/nivo-slider/img/arrows.png]
[91tt.cn/css/nivo-slider-theme.css]
[91tt.cn/img/preloader.gif]
[91tt.cn/img/background/bg1.jpg]
[91tt.cn/img/slider/slider1.jpg]
[91tt.cn/css/style.css]
[91tt.cn/css/responsive.css]
[91tt.cn/index-2.html]
[map.baidu.com/image/us_mk_icon.png]
[91tt.cn/map.html]
[91tt.cn/lib/bootstrap/fonts/glyphicons-halflings-regular.html]
[91tt.cn/lib/bootstrap/fonts/glyphicons-halflings-regular.svg]
[91tt.cn/lib/owlcarousel/owl.video.play.html]
[91tt.cn/lib/font-awesome/fonts/fontawesome-webfont3e6e.html]
[91tt.cn/lib/font-awesome/fonts/fontawesome-webfont3e6e.svg]
[91tt.cn/img/team/team01.html]
